[
  {
    "name": "interface-description",
    "input-param": true,
    "property": {
      "type": "string"
    },
    "dictionary-name": "interface-description",
    "dictionary-source": "capability",
    "dependencies": [
      "vf-module-type"
    ]
  },
  {
    "name": "vf-module-type",
    "input-param": true,
    "property": {
      "type": "string"
    },
    "dictionary-name": "vf-module-type",
    "dictionary-source": "processor-db",
    "dependencies": [
      "vf-module-number"
    ]
  },
  {
    "name": "vf-module-number",
    "input-param": true,
    "property": {
      "type": "string",
      "default": "3"
    },
    "dictionary-name": "vf-module-number",
    "dictionary-source": "default",
    "dependencies": [
      
    ]
  },
  {
    "name": "prefix-id",
    "input-param": true,
    "property": {
      "type": "integer",
      "default": 11
    },
    "dictionary-name": "prefix-id",
    "dictionary-source": "default",
    "dependencies": [
      
    ]
  },
  {
    "name": "vfw_interface_ip",
    "input-param": true,
    "property": {
        "type": "dt-netbox-ip"
    },
    "dictionary-name": "create_netbox_ip",
    "dictionary-source": "primary-config-data",
    "dependencies": [
      "prefix-id"
    ]
  }
]